// Jest Snapshot v1, https://goo.gl/fbAQLP

exports[`SecondaryNumberDisplay Should render the component 1`] = `
.c0 {
  text-shadow: 0 0 5px #FFF,0 0 15px #B6FF00;
  color: #FFF;
  margin: 0;
  padding: 0;
  font-size: 3.2rem;
  line-height: 3.2rem;
}

<p
  class="c0"
  mode="secondary"
>
  10 + 15 Ã—
</p>
`;
