// Jest Snapshot v1, https://goo.gl/fbAQLP

exports[`VerticalStrip Should render the VerticalStrip with the list of given child items 1`] = `
.c0 {
  display: grid;
  grid-gap: 0.25rem;
  margin: 0;
  padding: 0;
  grid-template-rows: repeat(3,1fr);
}

<div
  class="c0"
  data-testid="vertical-strip-layout"
>
  <div
    data-testid="item-0"
  >
    value 
    0
  </div>
  <div
    data-testid="item-1"
  >
    value 
    1
  </div>
  <div
    data-testid="item-2"
  >
    value 
    2
  </div>
</div>
`;
